../Core/Src/stm32f4xx_hal_msp.c:66:6:HAL_MspInit	16	static
../Core/Src/stm32f4xx_hal_msp.c:90:6:HAL_ADC_MspInit	56	static
../Core/Src/stm32f4xx_hal_msp.c:140:6:HAL_ADC_MspDeInit	16	static
../Core/Src/stm32f4xx_hal_msp.c:177:6:HAL_DAC_MspInit	48	static
../Core/Src/stm32f4xx_hal_msp.c:213:6:HAL_DAC_MspDeInit	16	static
../Core/Src/stm32f4xx_hal_msp.c:246:6:HAL_DFSDM_FilterMspInit	136	static
../Core/Src/stm32f4xx_hal_msp.c:306:6:HAL_DFSDM_ChannelMspInit	152	static
../Core/Src/stm32f4xx_hal_msp.c:417:6:HAL_DFSDM_FilterMspDeInit	16	static
../Core/Src/stm32f4xx_hal_msp.c:452:6:HAL_DFSDM_ChannelMspDeInit	16	static
../Core/Src/stm32f4xx_hal_msp.c:514:6:HAL_FMPI2C_MspInit	136	static
../Core/Src/stm32f4xx_hal_msp.c:560:6:HAL_FMPI2C_MspDeInit	16	static
../Core/Src/stm32f4xx_hal_msp.c:589:6:HAL_I2C_MspInit	48	static
../Core/Src/stm32f4xx_hal_msp.c:625:6:HAL_I2C_MspDeInit	16	static
../Core/Src/stm32f4xx_hal_msp.c:656:6:HAL_I2S_MspInit	144	static
../Core/Src/stm32f4xx_hal_msp.c:742:6:HAL_I2S_MspDeInit	16	static
../Core/Src/stm32f4xx_hal_msp.c:780:6:HAL_QSPI_MspInit	64	static
../Core/Src/stm32f4xx_hal_msp.c:852:6:HAL_QSPI_MspDeInit	16	static
../Core/Src/stm32f4xx_hal_msp.c:893:6:HAL_TIM_Base_MspInit	56	static
../Core/Src/stm32f4xx_hal_msp.c:944:6:HAL_TIM_MspPostInit	48	static
../Core/Src/stm32f4xx_hal_msp.c:1018:6:HAL_TIM_Base_MspDeInit	16	static
../Core/Src/stm32f4xx_hal_msp.c:1072:6:HAL_UART_MspInit	56	static
../Core/Src/stm32f4xx_hal_msp.c:1135:6:HAL_UART_MspDeInit	16	static
../Core/Src/stm32f4xx_hal_msp.c:1180:13:HAL_FSMC_MspInit	32	static
../Core/Src/stm32f4xx_hal_msp.c:1275:6:HAL_SRAM_MspInit	16	static
../Core/Src/stm32f4xx_hal_msp.c:1287:13:HAL_FSMC_MspDeInit	8	static
../Core/Src/stm32f4xx_hal_msp.c:1360:6:HAL_SRAM_MspDeInit	16	static
