../Drivers/BSP/STM32F413H-Discovery/stm32f413h_discovery_lcd.c:102:9:BSP_LCD_Init	8	static
../Drivers/BSP/STM32F413H-Discovery/stm32f413h_discovery_lcd.c:112:9:BSP_LCD_InitEx	24	static
../Drivers/BSP/STM32F413H-Discovery/stm32f413h_discovery_lcd.c:169:9:BSP_LCD_DeInit	4	static
../Drivers/BSP/STM32F413H-Discovery/stm32f413h_discovery_lcd.c:179:10:BSP_LCD_GetXSize	8	static
../Drivers/BSP/STM32F413H-Discovery/stm32f413h_discovery_lcd.c:188:10:BSP_LCD_GetYSize	8	static
../Drivers/BSP/STM32F413H-Discovery/stm32f413h_discovery_lcd.c:197:10:BSP_LCD_GetTextColor	4	static
../Drivers/BSP/STM32F413H-Discovery/stm32f413h_discovery_lcd.c:206:10:BSP_LCD_GetBackColor	4	static
../Drivers/BSP/STM32F413H-Discovery/stm32f413h_discovery_lcd.c:215:6:BSP_LCD_SetTextColor	16	static
../Drivers/BSP/STM32F413H-Discovery/stm32f413h_discovery_lcd.c:224:6:BSP_LCD_SetBackColor	16	static
../Drivers/BSP/STM32F413H-Discovery/stm32f413h_discovery_lcd.c:233:6:BSP_LCD_SetFont	16	static
../Drivers/BSP/STM32F413H-Discovery/stm32f413h_discovery_lcd.c:242:8:BSP_LCD_GetFont	4	static
../Drivers/BSP/STM32F413H-Discovery/stm32f413h_discovery_lcd.c:251:6:BSP_LCD_Clear	40	static
../Drivers/BSP/STM32F413H-Discovery/stm32f413h_discovery_lcd.c:276:6:BSP_LCD_ClearStringLine	32	static
../Drivers/BSP/STM32F413H-Discovery/stm32f413h_discovery_lcd.c:296:6:BSP_LCD_DisplayChar	16	static
../Drivers/BSP/STM32F413H-Discovery/stm32f413h_discovery_lcd.c:313:6:BSP_LCD_DisplayStringAt	48	static
../Drivers/BSP/STM32F413H-Discovery/stm32f413h_discovery_lcd.c:377:6:BSP_LCD_DisplayStringAtLine	16	static
../Drivers/BSP/STM32F413H-Discovery/stm32f413h_discovery_lcd.c:388:10:BSP_LCD_ReadPixel	24	static
../Drivers/BSP/STM32F413H-Discovery/stm32f413h_discovery_lcd.c:406:6:BSP_LCD_DrawPixel	16	static
../Drivers/BSP/STM32F413H-Discovery/stm32f413h_discovery_lcd.c:420:6:BSP_LCD_DrawHLine	32	static
../Drivers/BSP/STM32F413H-Discovery/stm32f413h_discovery_lcd.c:443:6:BSP_LCD_DrawVLine	32	static
../Drivers/BSP/STM32F413H-Discovery/stm32f413h_discovery_lcd.c:467:6:BSP_LCD_DrawLine	56	static
../Drivers/BSP/STM32F413H-Discovery/stm32f413h_discovery_lcd.c:541:6:BSP_LCD_DrawRect	24	static
../Drivers/BSP/STM32F413H-Discovery/stm32f413h_discovery_lcd.c:558:6:BSP_LCD_DrawCircle	32	static
../Drivers/BSP/STM32F413H-Discovery/stm32f413h_discovery_lcd.c:607:6:BSP_LCD_DrawPolygon	32	static
../Drivers/BSP/STM32F413H-Discovery/stm32f413h_discovery_lcd.c:634:6:BSP_LCD_DrawEllipse	56	static
../Drivers/BSP/STM32F413H-Discovery/stm32f413h_discovery_lcd.c:666:6:BSP_LCD_DrawBitmap	32	static
../Drivers/BSP/STM32F413H-Discovery/stm32f413h_discovery_lcd.c:694:6:BSP_LCD_DrawRGBImage	32	static
../Drivers/BSP/STM32F413H-Discovery/stm32f413h_discovery_lcd.c:713:6:BSP_LCD_FillRect	24	static
../Drivers/BSP/STM32F413H-Discovery/stm32f413h_discovery_lcd.c:729:6:BSP_LCD_FillCircle	32	static
../Drivers/BSP/STM32F413H-Discovery/stm32f413h_discovery_lcd.c:776:6:BSP_LCD_FillPolygon	64	static
../Drivers/BSP/STM32F413H-Discovery/stm32f413h_discovery_lcd.c:843:6:BSP_LCD_FillEllipse	56	static
../Drivers/BSP/STM32F413H-Discovery/stm32f413h_discovery_lcd.c:872:6:BSP_LCD_DisplayOn	8	static
../Drivers/BSP/STM32F413H-Discovery/stm32f413h_discovery_lcd.c:880:6:BSP_LCD_DisplayOff	8	static
../Drivers/BSP/STM32F413H-Discovery/stm32f413h_discovery_lcd.c:888:13:BSP_LCD_MspInit	40	static
../Drivers/BSP/STM32F413H-Discovery/stm32f413h_discovery_lcd.c:918:13:BSP_LCD_MspDeInit	32	static
../Drivers/BSP/STM32F413H-Discovery/stm32f413h_discovery_lcd.c:954:13:DrawChar	40	static
../Drivers/BSP/STM32F413H-Discovery/stm32f413h_discovery_lcd.c:1009:13:SetDisplayWindow	24	static
../Drivers/BSP/STM32F413H-Discovery/stm32f413h_discovery_lcd.c:1026:13:FillTriangle	56	static
