../Drivers/BSP/STM32F413H-Discovery/stm32f413h_discovery_audio.c:203:9:BSP_AUDIO_OUT_Init	64	static
../Drivers/BSP/STM32F413H-Discovery/stm32f413h_discovery_audio.c:262:9:BSP_AUDIO_OUT_Play	16	static
../Drivers/BSP/STM32F413H-Discovery/stm32f413h_discovery_audio.c:283:6:BSP_AUDIO_OUT_ChangeBuffer	16	static
../Drivers/BSP/STM32F413H-Discovery/stm32f413h_discovery_audio.c:296:9:BSP_AUDIO_OUT_Pause	8	static
../Drivers/BSP/STM32F413H-Discovery/stm32f413h_discovery_audio.c:320:9:BSP_AUDIO_OUT_Resume	8	static
../Drivers/BSP/STM32F413H-Discovery/stm32f413h_discovery_audio.c:348:9:BSP_AUDIO_OUT_Stop	16	static
../Drivers/BSP/STM32F413H-Discovery/stm32f413h_discovery_audio.c:376:9:BSP_AUDIO_OUT_SetVolume	16	static
../Drivers/BSP/STM32F413H-Discovery/stm32f413h_discovery_audio.c:396:9:BSP_AUDIO_OUT_SetMute	16	static
../Drivers/BSP/STM32F413H-Discovery/stm32f413h_discovery_audio.c:417:9:BSP_AUDIO_OUT_SetOutputMode	16	static
../Drivers/BSP/STM32F413H-Discovery/stm32f413h_discovery_audio.c:438:6:BSP_AUDIO_OUT_SetFrequency	16	static
../Drivers/BSP/STM32F413H-Discovery/stm32f413h_discovery_audio.c:457:6:BSP_AUDIO_OUT_DeInit	8	static
../Drivers/BSP/STM32F413H-Discovery/stm32f413h_discovery_audio.c:468:6:HAL_I2S_TxCpltCallback	16	static
../Drivers/BSP/STM32F413H-Discovery/stm32f413h_discovery_audio.c:479:6:HAL_I2S_TxHalfCpltCallback	16	static
../Drivers/BSP/STM32F413H-Discovery/stm32f413h_discovery_audio.c:490:6:HAL_I2S_ErrorCallback	16	static
../Drivers/BSP/STM32F413H-Discovery/stm32f413h_discovery_audio.c:498:13:BSP_AUDIO_OUT_TransferComplete_CallBack	4	static
../Drivers/BSP/STM32F413H-Discovery/stm32f413h_discovery_audio.c:505:13:BSP_AUDIO_OUT_HalfTransfer_CallBack	4	static
../Drivers/BSP/STM32F413H-Discovery/stm32f413h_discovery_audio.c:512:13:BSP_AUDIO_OUT_Error_CallBack	4	static
../Drivers/BSP/STM32F413H-Discovery/stm32f413h_discovery_audio.c:521:13:BSP_AUDIO_OUT_MspInit	64	static
../Drivers/BSP/STM32F413H-Discovery/stm32f413h_discovery_audio.c:603:13:BSP_AUDIO_OUT_MspDeInit	40	static
../Drivers/BSP/STM32F413H-Discovery/stm32f413h_discovery_audio.c:650:13:BSP_AUDIO_OUT_ClockConfig	112	static
../Drivers/BSP/STM32F413H-Discovery/stm32f413h_discovery_audio.c:711:13:I2Sx_Out_Init	16	static
../Drivers/BSP/STM32F413H-Discovery/stm32f413h_discovery_audio.c:739:13:I2Sx_Out_DeInit	8	static
../Drivers/BSP/STM32F413H-Discovery/stm32f413h_discovery_audio.c:766:9:BSP_AUDIO_IN_Init	24	static
../Drivers/BSP/STM32F413H-Discovery/stm32f413h_discovery_audio.c:779:9:BSP_AUDIO_IN_InitEx	80	static
../Drivers/BSP/STM32F413H-Discovery/stm32f413h_discovery_audio.c:879:6:BSP_AUDIO_IN_DeInit	8	static
../Drivers/BSP/STM32F413H-Discovery/stm32f413h_discovery_audio.c:903:9:BSP_AUDIO_IN_ConfigMicDefault	280	static,ignoring_inline_asm
../Drivers/BSP/STM32F413H-Discovery/stm32f413h_discovery_audio.c:998:16:BSP_AUDIO_IN_ConfigDigitalMic	16	static
../Drivers/BSP/STM32F413H-Discovery/stm32f413h_discovery_audio.c:1014:9:BSP_AUDIO_IN_AllocScratch	24	static
../Drivers/BSP/STM32F413H-Discovery/stm32f413h_discovery_audio.c:1035:9:BSP_AUDIO_IN_Record	64	static,ignoring_inline_asm
../Drivers/BSP/STM32F413H-Discovery/stm32f413h_discovery_audio.c:1075:9:BSP_AUDIO_IN_RecordEx	288	static,ignoring_inline_asm
../Drivers/BSP/STM32F413H-Discovery/stm32f413h_discovery_audio.c:1149:13:I2Sx_In_MspInit	48	static
../Drivers/BSP/STM32F413H-Discovery/stm32f413h_discovery_audio.c:1214:13:I2Sx_In_MspDeInit	32	static
../Drivers/BSP/STM32F413H-Discovery/stm32f413h_discovery_audio.c:1245:13:BSP_AUDIO_IN_MspInit	16	static
../Drivers/BSP/STM32F413H-Discovery/stm32f413h_discovery_audio.c:1268:13:BSP_AUDIO_IN_MspDeInit	16	static
../Drivers/BSP/STM32F413H-Discovery/stm32f413h_discovery_audio.c:1295:16:BSP_AUDIO_IN_ClockConfig	104	static
../Drivers/BSP/STM32F413H-Discovery/stm32f413h_discovery_audio.c:1367:6:HAL_DFSDM_FilterRegConvCpltCallback	168	static,ignoring_inline_asm
../Drivers/BSP/STM32F413H-Discovery/stm32f413h_discovery_audio.c:1441:6:HAL_DFSDM_FilterRegConvHalfCpltCallback	168	static,ignoring_inline_asm
../Drivers/BSP/STM32F413H-Discovery/stm32f413h_discovery_audio.c:1516:6:HAL_I2S_RxHalfCpltCallback	16	static
../Drivers/BSP/STM32F413H-Discovery/stm32f413h_discovery_audio.c:1527:6:HAL_I2S_RxCpltCallback	16	static
../Drivers/BSP/STM32F413H-Discovery/stm32f413h_discovery_audio.c:1537:9:BSP_AUDIO_IN_Stop	8	static
../Drivers/BSP/STM32F413H-Discovery/stm32f413h_discovery_audio.c:1581:9:BSP_AUDIO_IN_StopEx	16	static
../Drivers/BSP/STM32F413H-Discovery/stm32f413h_discovery_audio.c:1600:9:BSP_AUDIO_IN_Pause	32	static,ignoring_inline_asm
../Drivers/BSP/STM32F413H-Discovery/stm32f413h_discovery_audio.c:1629:9:BSP_AUDIO_IN_PauseEx	32	static,ignoring_inline_asm
../Drivers/BSP/STM32F413H-Discovery/stm32f413h_discovery_audio.c:1651:9:BSP_AUDIO_IN_Resume	56	static,ignoring_inline_asm
../Drivers/BSP/STM32F413H-Discovery/stm32f413h_discovery_audio.c:1681:9:BSP_AUDIO_IN_ResumeEx	40	static,ignoring_inline_asm
../Drivers/BSP/STM32F413H-Discovery/stm32f413h_discovery_audio.c:1705:9:BSP_AUDIO_IN_SetVolume	16	static
../Drivers/BSP/STM32F413H-Discovery/stm32f413h_discovery_audio.c:1717:13:BSP_AUDIO_IN_TransferComplete_CallBack	4	static
../Drivers/BSP/STM32F413H-Discovery/stm32f413h_discovery_audio.c:1727:13:BSP_AUDIO_IN_HalfTransfer_CallBack	4	static
../Drivers/BSP/STM32F413H-Discovery/stm32f413h_discovery_audio.c:1738:13:BSP_AUDIO_IN_TransferComplete_CallBackEx	16	static
../Drivers/BSP/STM32F413H-Discovery/stm32f413h_discovery_audio.c:1749:13:BSP_AUDIO_IN_HalfTransfer_CallBackEx	16	static
../Drivers/BSP/STM32F413H-Discovery/stm32f413h_discovery_audio.c:1759:13:BSP_AUDIO_IN_Error_Callback	4	static
../Drivers/BSP/STM32F413H-Discovery/stm32f413h_discovery_audio.c:1777:16:DFSDMx_DeInit	16	static
../Drivers/BSP/STM32F413H-Discovery/stm32f413h_discovery_audio.c:1804:13:DFSDMx_ChannelMspInit	56	static
../Drivers/BSP/STM32F413H-Discovery/stm32f413h_discovery_audio.c:1866:13:DFSDMx_ChannelMspDeInit	32	static
../Drivers/BSP/STM32F413H-Discovery/stm32f413h_discovery_audio.c:1907:13:DFSDMx_FilterMspInit	216	static,ignoring_inline_asm
../Drivers/BSP/STM32F413H-Discovery/stm32f413h_discovery_audio.c:1978:13:DFSDMx_FilterMspDeInit	16	static
../Drivers/BSP/STM32F413H-Discovery/stm32f413h_discovery_audio.c:1996:13:I2Sx_In_Init	16	static
../Drivers/BSP/STM32F413H-Discovery/stm32f413h_discovery_audio.c:2038:13:I2Sx_In_DeInit	8	static
