../Drivers/BSP/STM32F413H-Discovery/stm32f413h_discovery.c:162:10:BSP_GetVersion	4	static
../Drivers/BSP/STM32F413H-Discovery/stm32f413h_discovery.c:174:6:BSP_LED_Init	48	static
../Drivers/BSP/STM32F413H-Discovery/stm32f413h_discovery.c:195:6:BSP_LED_DeInit	40	static
../Drivers/BSP/STM32F413H-Discovery/stm32f413h_discovery.c:214:6:BSP_LED_On	16	static
../Drivers/BSP/STM32F413H-Discovery/stm32f413h_discovery.c:226:6:BSP_LED_Off	16	static
../Drivers/BSP/STM32F413H-Discovery/stm32f413h_discovery.c:238:6:BSP_LED_Toggle	16	static
../Drivers/BSP/STM32F413H-Discovery/stm32f413h_discovery.c:254:6:BSP_PB_Init	40	static
../Drivers/BSP/STM32F413H-Discovery/stm32f413h_discovery.c:295:6:BSP_PB_DeInit	40	static
../Drivers/BSP/STM32F413H-Discovery/stm32f413h_discovery.c:312:10:BSP_PB_GetState	16	static
../Drivers/BSP/STM32F413H-Discovery/stm32f413h_discovery.c:325:6:BSP_COM_Init	48	static
../Drivers/BSP/STM32F413H-Discovery/stm32f413h_discovery.c:363:6:BSP_COM_DeInit	16	static
../Drivers/BSP/STM32F413H-Discovery/stm32f413h_discovery.c:389:13:FMPI2Cx_MspInit	48	static
../Drivers/BSP/STM32F413H-Discovery/stm32f413h_discovery.c:435:13:FMPI2Cx_Init	16	static
../Drivers/BSP/STM32F413H-Discovery/stm32f413h_discovery.c:465:26:FMPI2Cx_ReadMultiple	48	static
../Drivers/BSP/STM32F413H-Discovery/stm32f413h_discovery.c:495:26:FMPI2Cx_WriteMultiple	48	static
../Drivers/BSP/STM32F413H-Discovery/stm32f413h_discovery.c:521:13:FMPI2Cx_Error	16	static
../Drivers/BSP/STM32F413H-Discovery/stm32f413h_discovery.c:534:14:FMPI2Cx_DeInit	16	static
../Drivers/BSP/STM32F413H-Discovery/stm32f413h_discovery.c:548:13:FMC_BANK3_MspInit	48	static
../Drivers/BSP/STM32F413H-Discovery/stm32f413h_discovery.c:593:13:FMC_BANK3_Init	120	static
../Drivers/BSP/STM32F413H-Discovery/stm32f413h_discovery.c:639:13:FMC_BANK3_WriteData	16	static,ignoring_inline_asm
../Drivers/BSP/STM32F413H-Discovery/stm32f413h_discovery.c:650:13:FMC_BANK3_WriteReg	16	static,ignoring_inline_asm
../Drivers/BSP/STM32F413H-Discovery/stm32f413h_discovery.c:661:17:FMC_BANK3_ReadData	4	static
../Drivers/BSP/STM32F413H-Discovery/stm32f413h_discovery.c:674:6:LCD_IO_Init	8	static
../Drivers/BSP/STM32F413H-Discovery/stm32f413h_discovery.c:683:6:LCD_IO_WriteData	16	static
../Drivers/BSP/STM32F413H-Discovery/stm32f413h_discovery.c:694:6:LCD_IO_WriteMultipleData	24	static
../Drivers/BSP/STM32F413H-Discovery/stm32f413h_discovery.c:708:6:LCD_IO_WriteReg	16	static
../Drivers/BSP/STM32F413H-Discovery/stm32f413h_discovery.c:718:10:LCD_IO_ReadData	8	static
../Drivers/BSP/STM32F413H-Discovery/stm32f413h_discovery.c:727:6:LCD_IO_Delay	16	static
../Drivers/BSP/STM32F413H-Discovery/stm32f413h_discovery.c:737:6:AUDIO_IO_Init	8	static
../Drivers/BSP/STM32F413H-Discovery/stm32f413h_discovery.c:745:6:AUDIO_IO_DeInit	8	static
../Drivers/BSP/STM32F413H-Discovery/stm32f413h_discovery.c:756:6:AUDIO_IO_Write	32	static
../Drivers/BSP/STM32F413H-Discovery/stm32f413h_discovery.c:773:10:AUDIO_IO_Read	32	static
../Drivers/BSP/STM32F413H-Discovery/stm32f413h_discovery.c:797:10:TS_IO_ReadMultiple	24	static
../Drivers/BSP/STM32F413H-Discovery/stm32f413h_discovery.c:810:6:TS_IO_WriteMultiple	24	static
../Drivers/BSP/STM32F413H-Discovery/stm32f413h_discovery.c:819:6:AUDIO_IO_Delay	16	static
../Drivers/BSP/STM32F413H-Discovery/stm32f413h_discovery.c:829:6:TS_IO_Init	32	static
../Drivers/BSP/STM32F413H-Discovery/stm32f413h_discovery.c:848:6:TS_IO_DeInit	8	static
../Drivers/BSP/STM32F413H-Discovery/stm32f413h_discovery.c:859:9:TS_IO_Read	32	static
../Drivers/BSP/STM32F413H-Discovery/stm32f413h_discovery.c:874:6:TS_IO_Write	24	static
../Drivers/BSP/STM32F413H-Discovery/stm32f413h_discovery.c:883:6:TS_IO_Delay	16	static
